Flutter crash report.
Please report a bug at https://github.com/flutter/flutter/issues.

## command

flutter test test/utils/math/spline_interpolator_test.dart test/domain/engines/projection/linear_projector_test.dart test/domain/engines/projection/piecewise_projector_test.dart test/domain/entities/zhou_tian_model_test.dart test/domain/managers/zhou_tian_calculator_projection_test.dart test/domain/engines/projection/boundary_contract_test.dart

## exception

YamlException: Error on line 70, column 3: Duplicate mapping key.
   ╷
70 │   metaphysics_core:
   │   ^^^^^^^^^^^^^^^^
   ╵

```
#0      Loader._loadMapping (package:yaml/src/loader.dart:165:9)
#1      Loader._loadNode (package:yaml/src/loader.dart:88:35)
#2      Loader._loadMapping (package:yaml/src/loader.dart:163:19)
#3      Loader._loadNode (package:yaml/src/loader.dart:88:35)
#4      Loader._loadDocument (package:yaml/src/loader.dart:68:20)
#5      Loader.load (package:yaml/src/loader.dart:60:20)
#6      loadYamlDocument (package:yaml/yaml.dart:69:25)
#7      loadYamlNode (package:yaml/yaml.dart:54:5)
#8      loadYaml (package:yaml/yaml.dart:41:5)
#9      FlutterManifest.createFromString (package:flutter_tools/src/flutter_manifest.dart:45:28)
#10     FlutterManifest.createFromPath (package:flutter_tools/src/flutter_manifest.dart:39:28)
#11     ManifestAssetBundle.build (package:flutter_tools/src/asset.dart:453:73)
<asynchronous suspension>
#12     TestCommand._buildTestAsset (package:flutter_tools/src/commands/test.dart:768:23)
<asynchronous suspension>
#13     TestCommand.runCommand (package:flutter_tools/src/commands/test.dart:474:7)
<asynchronous suspension>
#14     FlutterCommand.run.<anonymous closure> (package:flutter_tools/src/runner/flutter_command.dart:1559:27)
<asynchronous suspension>
#15     AppContext.run.<anonymous closure> (package:flutter_tools/src/base/context.dart:154:19)
<asynchronous suspension>
#16     CommandRunner.runCommand (package:args/command_runner.dart:212:13)
<asynchronous suspension>
#17     FlutterCommandRunner.runCommand.<anonymous closure> (package:flutter_tools/src/runner/flutter_command_runner.dart:487:9)
<asynchronous suspension>
#18     AppContext.run.<anonymous closure> (package:flutter_tools/src/base/context.dart:154:19)
<asynchronous suspension>
#19     FlutterCommandRunner.runCommand (package:flutter_tools/src/runner/flutter_command_runner.dart:422:5)
<asynchronous suspension>
#20     run.<anonymous closure>.<anonymous closure> (package:flutter_tools/runner.dart:104:11)
<asynchronous suspension>
#21     AppContext.run.<anonymous closure> (package:flutter_tools/src/base/context.dart:154:19)
<asynchronous suspension>
#22     main (package:flutter_tools/executable.dart:103:3)
<asynchronous suspension>
```

## flutter doctor

```
[32m[✓][39m Flutter (Channel stable, 3.38.6, on macOS 26.5 25F71
    darwin-arm64, locale en-US) [824ms]
    [32m•[39m Flutter version 3.38.6 on channel stable at
      /Users/jingtaiwei/flutter
    [32m•[39m Upstream repository
      https://github.com/flutter/flutter.git
    [32m•[39m Framework revision 8b87286849 (5 months ago),
      2026-01-08 10:49:17 -0800
    [32m•[39m Engine revision 78fc3012e4
    [32m•[39m Dart version 3.10.7
    [32m•[39m DevTools version 2.51.1
    [32m•[39m Feature flags: enable-web, enable-linux-desktop,
      enable-macos-desktop, enable-windows-desktop,
      enable-android, enable-ios, cli-animations,
      enable-native-assets, omit-legacy-version-file,
      enable-lldb-debugging

[32m[✓][39m Android toolchain - develop for Android devices (Android
    SDK version 35.0.0) [4.0s]
    [32m•[39m Android SDK at /Users/jingtaiwei/Library/Android/sdk
    [32m•[39m Emulator version 32.1.11.0 (build_id 9536276) (CL:N/A)
    [32m•[39m Platform android-36, build-tools 35.0.0
    [32m•[39m ANDROID_HOME = /Users/jingtaiwei/Library/Android/sdk
    [32m•[39m ANDROID_SDK_ROOT =
      /Users/jingtaiwei/Library/Android/sdk
    [32m•[39m Java binary at:
      /opt/homebrew/Cellar/openjdk@21/21.0.11/libexec/openjdk
      .jdk/Contents/Home/bin/java
      This JDK is specified by the JAVA_HOME environment
      variable.
      To manually set the JDK path, use: `flutter config
      --jdk-dir="path/to/jdk"`.
    [32m•[39m Java version OpenJDK Runtime Environment Homebrew
      (build 21.0.11)
    [32m•[39m All Android licenses accepted.

[33m[!][39m Xcode - develop for iOS and macOS (Xcode 26.5) [5.0s]
    [32m•[39m Xcode at /Applications/Xcode.app/Contents/Developer
    [32m•[39m Build 17F42
    [33m![39m iOS 26.5 Simulator not installed; this may be necessary
      for iOS and macOS development.
      To download and install the platform, open Xcode,
      select Xcode > Settings > Components,
      and click the GET button for the required platform.

      For more information, please visit:
        https://developer.apple.com/documentation/xcode/insta
        lling-additional-simulator-runtimes
    [32m•[39m CocoaPods version 1.16.2

[32m[✓][39m Chrome - develop for the web [4ms]
    [32m•[39m Chrome at /Applications/Google
      Chrome.app/Contents/MacOS/Google Chrome

[32m[✓][39m Connected device (2 available) [6.9s]
    [32m•[39m macOS (desktop) • macos  • darwin-arm64   • macOS 26.5
      25F71 darwin-arm64
    [32m•[39m Chrome (web)    • chrome • web-javascript • Google
      Chrome 148.0.7778.179

[32m[✓][39m Network resources [517ms]
    [32m•[39m All expected network resources are available.

[33m![39m Doctor found issues in 1 category.
```
